// Jest Snapshot v1, https://goo.gl/fbAQLP

exports[`#createUserEntity should convert data 1`] = `
Object {
  "_class": Array [
    "Group",
  ],
  "_key": "60259a3cb544065d1eaf2760",
  "_rawData": Array [
    Object {
      "name": "default",
      "rawData": Object {
        "attributes": null,
        "description": "",
        "email": "",
        "id": "60259a3cb544065d1eaf2760",
        "name": "All Users",
        "type": "user_group",
      },
    },
  ],
  "_type": "jumpcloud_group",
  "attributes": undefined,
  "createdOn": undefined,
  "description": "",
  "displayName": "All Users",
  "id": "60259a3cb544065d1eaf2760",
  "name": "All Users",
  "webLink": "https://console.jumpcloud.com/#/groups/user/60259a3cb544065d1eaf2760/details",
}
`;
