// Jest Snapshot v1, https://goo.gl/fbAQLP

exports[`#createUserEntity should convert data 1`] = `
Object {
  "_class": Array [
    "User",
  ],
  "_key": "6026bec6b8207255280d5981",
  "_rawData": Array [
    Object {
      "name": "default",
      "rawData": Object {
        "_id": "6026bec6b8207255280d5981",
        "account_locked": false,
        "account_locked_date": null,
        "activated": false,
        "addresses": Array [],
        "allow_public_key": true,
        "attributes": Array [],
        "company": "",
        "costCenter": "",
        "created": "2021-02-12T17:45:42.369Z",
        "department": "",
        "description": "Testing desc",
        "disableDeviceMaxLoginAttempts": false,
        "displayname": "Austin K",
        "email": "austin.kelleher+testjc@jupiterone.com",
        "employeeIdentifier": null,
        "employeeType": "",
        "enable_managed_uid": false,
        "enable_user_portal_multifactor": false,
        "external_dn": "",
        "external_source_type": "",
        "externally_managed": false,
        "firstname": "Austin",
        "id": "6026bec6b8207255280d5981",
        "jobTitle": "",
        "lastname": "Kelleher",
        "ldap_binding_user": false,
        "location": "",
        "mfa": Object {
          "configured": false,
          "exclusion": false,
        },
        "middlename": "",
        "password_expired": false,
        "password_never_expires": false,
        "passwordless_sudo": false,
        "phoneNumbers": Array [],
        "samba_service_user": false,
        "ssh_keys": Array [],
        "sudo": false,
        "suspended": false,
        "systemUsername": "",
        "tags": Array [],
        "totp_enabled": false,
        "unix_guid": 5001,
        "unix_uid": 5001,
        "userTags": undefined,
        "username": "austinkellehertest",
      },
    },
  ],
  "_type": "jumpcloud_user",
  "active": false,
  "company": "",
  "createdOn": 1613151942369,
  "department": "",
  "description": "Testing desc",
  "displayName": "austinkellehertest",
  "email": "austin.kelleher+testjc@jupiterone.com",
  "employeeId": undefined,
  "employeeType": "",
  "externallyManaged": false,
  "firstName": "Austin",
  "id": "6026bec6b8207255280d5981",
  "jobTitle": "",
  "lastName": "Kelleher",
  "ldapBindingUser": false,
  "login": "austinkellehertest",
  "mfaConfigured": false,
  "mfaEnabled": false,
  "mfaExclusion": false,
  "mfaExclusionUntil": undefined,
  "name": "Austin Kelleher",
  "sambaServiceUser": false,
  "sudo": false,
  "suspended": false,
  "username": "austinkellehertest",
  "webLink": "https://console.jumpcloud.com/#/users/6026bec6b8207255280d5981/details",
}
`;
